WATCOM Linker Version 11.0
Copyright by Sybase, Inc., and its subsidiaries, 1985, 1997.
Created on:       98/07/18 10:10:24
Executable Image: wdmp.exe
creating a Windows NT character-mode executable


                        +------------+
                        |   Groups   |
                        +------------+

Group                           Address              Size
=====                           =======              ====

.idata                          00436000             00000c38
DGROUP                          00437000             0008b5d0



                        +--------------+
                        |   Segments   |
                        +--------------+

Segment                Class          Group          Address         Size
=======                =====          =====          =======         ====

BEGTEXT                CODE           AUTO           00401000        00000007
_TEXT                  CODE           AUTO           00401010        000344ff
TRANSFER CODE          CODE           AUTO           00435510        000002a6
.idata                 .idata         .idata         00436000        00000c38
_NULL                  BEGDATA        DGROUP         00437000        00000004
_AFTERNULL             BEGDATA        DGROUP         00437004        00000000
CONST                  DATA           DGROUP         00437004        000074c4
CONST2                 DATA           DGROUP         0043e4c8        00000034
_DATA                  DATA           DGROUP         0043e4fc        0001e3c1
YIB                    DATA           DGROUP         0045c8be        00000000
YI                     DATA           DGROUP         0045c8be        0000000c
YIE                    DATA           DGROUP         0045c8ca        00000000
XIB                    DATA           DGROUP         0045c8ca        00000000
XI                     DATA           DGROUP         0045c8ca        0000002a
XIE                    DATA           DGROUP         0045c8f4        00000000
TIB                    DATA           DGROUP         0045c8f4        00000000
TI                     DATA           DGROUP         0045c8f4        00000000
TIE                    DATA           DGROUP         0045c8f4        00000000
DATA                   DATA           DGROUP         0045c8f4        00000000
_BSS                   BSS            DGROUP         0045d010        000555c0
STACK                  STACK          DGROUP         004b25d0        00010000


                        +----------------+
                        |   Memory Map   |
                        +----------------+

* = unreferenced symbol
+ = symbol only referenced locally

Address        Symbol
=======        ======

Module: am_map.obj(D:\JEUX\DOOM\DOSDOOM\SRC32\am_map.c)
0043e4fc+      _player_arrow
0043e56c+      _cheat_player_arrow
0043e66c*      _triangle_guy
0043e69c+      _thintriangle_guy
0043e6d8       _automapactive
0043e6e0       _scale_mtof
0043e6e8       _markpointnum
0043e6f0       _followplayer
00401010*      _am_map_rcsid
00401050       resinit_am_map_c_
00401070*      AM_getIslope_
004010e0+      AM_activateNewScale_
004011e0+      AM_saveScaleAndLoc_
00401230+      AM_restoreScaleAndLoc_
00401340+      AM_addMark_
004013d0+      AM_findMinMaxBoundaries_
00401520+      AM_changeWindowLoc_
00401660+      AM_initVariables_
00401800+      AM_loadPics_
00401850+      AM_unloadPics_
004018c0+      AM_clearMarks_
00401910+      AM_LevelInit_
004019b0       AM_Stop_
004019f0+      AM_Start_
00401a90+      AM_minOutWindowScale_
00401ad0+      AM_maxOutWindowScale_
00401b10       AM_Responder_
00402010+      AM_changeWindowScale_
00402090+      AM_doFollowPlayer_
004021d0*      AM_updateLightLev_
00402250       AM_Ticker_
004022e0+      AM_clearFB_
00402330+      AM_clipMline_
00402780+      AM_drawFline8_
00402950+      AM_drawFline16_
00402b30*      AM_drawFline_
00402b50+      AM_drawMline_
00402b80+      AM_drawGrid_
00402ca0+      AM_drawWalls_
00402e30+      AM_rotate_
00402e90+      AM_drawLineCharacter_
00402f90+      AM_drawPlayers_
004030c0+      AM_drawThings_
00403140+      AM_drawMarks_
00403240+      AM_drawCrosshair_
004032b0       AM_Drawer_
0043e708       _stopped
0043e730       _lastlevel
0043e738+      _lastepisode
0043e748       _nexttic
0043e750       _litelevelscnt
0043e780       _VisibleAM
Module: bench.obj(D:\JEUX\DOOM\DOSDOOM\SRC32\bench.c)
00403340       fn_vStartBench_
00403360       fn_vEndBench_
0045d220       _hDCMain
0045d224+      _lBeginTime
0045d228+      _lEllapsedTime
Module: d_items.obj(D:\JEUX\DOOM\DOSDOOM\SRC32\d_items.c)
004033c0*      _d_items_rcsid
0043e7b0       _weaponinfo
Module: d_main.obj(D:\JEUX\DOOM\DOSDOOM\SRC32\d_main.c)
0045d22c+      _title
0045d2ac*      _realtics
0045d2b4*      _wadfile
0045d6b4+      _eventheadMP
0045d6bc*      _mapdir
0045dabc+      _eventsMP
0045e2bc+      _wadfiles
0045e30c+      _eventtailMP
0045e314       _basedefault
0045e714+      _pagename
0045e718+      _demosequence
0045e71c+      _pagetic
0045e720       _advancedemo
00403400*      _d_main_rcsid
004034f0       D_PostEvent_
00403540       D_ProcessEvents_
004035e0+      D_Display_
004039a0+      D_DoomLoop_
00403a60       D_PageTicker_
00403a80+      D_PageDrawer_
00403ae0       D_AdvanceDemo_
00403b10       D_DoAdvanceDemo_
00403c90       D_StartTitle_
00403cc0+      D_AddFile_
00403d20+      IdentifyVersion_
00404170+      FindResponseFile_
004043e0       D_DoomMain_
0043e888       _singletics
0043e88c       _wipegamestate
0043e894       _viewactivestate
0043e89c       _menuactivestate
0043e8a4       _inhelpscreensstate
0043e8ac       _fullscreen
0043e8b4       _oldgamestate
0045e724*      _drone
0045e728       _debugfile
0045e72c       _startmap
0045e730+      _autostart
0045e734       _startskill
0045e738       _startepisode
0045e73c       _nomonsters
0045e740       _devparm
0045e744       _fastparm
0045e748       _respawnparm
Module: d_net.obj(D:\JEUX\DOOM\DOSDOOM\SRC32\d_net.c)
0045e750*      _frametics
0045e760*      _frameskip
0045e770*      _nodeforplayer
0045e780+      _resendto
0045e7a0*      _resendcount
0045e7c0*      _reboundstore
0045e828+      _remoteresend
0045e848+      _nettics
0045e868       _netcmds
0045e9e8+      _nodeingame
0045ea08*      _oldnettics
0045ea0c+      _frameon
00404d00*      _d_net_rcsid
00404d40+      NetUpdateForOnePlayer_
00404e30       NetUpdate_
00404e40       D_CheckNetGame_
00404ef0       TryRunTics_
0045ea10+      _maxsend
0045ea14*      _lastnettic
0045ea18*      _reboundpacket
0045ea1c+      _gametime
0045ea20+      _skiptics
0045ea24       _maketic
0045ea28       _ticdup
Module: doomdef.obj(D:\JEUX\DOOM\DOSDOOM\SRC32\doomdef.c)
004050e0*      _doomdef_rcsid
Module: doomstat.obj(D:\JEUX\DOOM\DOSDOOM\SRC32\doomstat.c)
00405120*      _doomstat_rcsid
0043e8bc       _gamemode
0043e8c0*      _gamemission
0043e8c4       _language
0045ea30       _modifiedgame
Module: dstrings.obj(D:\JEUX\DOOM\DOSDOOM\SRC32\dstrings.c)
00405160*      _dstrings_rcsid
0043e8c8       _endmsg
Module: f_finale.obj(D:\JEUX\DOOM\DOSDOOM\SRC32\f_finale.c)
0043e924+      _e1text
0043e928+      _e2text
0043e92c+      _e3text
0043e930+      _e4text
0043e934+      _c1text
0043e938+      _c2text
0043e93c+      _c3text
0043e940+      _c4text
0043e944+      _c5text
0043e948+      _c6text
0043e94c*      _p1text
0043e950*      _p2text
0043e954*      _p3text
0043e958*      _p4text
0043e95c*      _p5text
004051a0*      _f_finale_rcsid
00405200       F_StartFinale_
004053d0       F_Responder_
004053f0       F_Ticker_
004054f0+      F_TextWrite_
00405700+      F_StartCast_
00405790+      F_CastTicker_
00405c80*      F_CastResponder_
00405d20+      F_CastPrint_
00405dd0+      F_CastDrawer_
00405ec0+      F_DrawPatchCol_
00405f90+      F_BunnyScroll_
00406160       F_Drawer_
0043e960*      _p6text
0043e964*      _t1text
0043e968*      _t2text
0043e96c*      _t3text
0043e970*      _t4text
0043e974*      _t5text
0043e978*      _t6text
0043e97c+      _castorder
0045ea34+      _castonmelee
0045ea38+      _casttics
0045ea3c+      _caststate
0045ea40+      _castdeath
0045ea44+      _castframes
0045ea48+      _castattacking
0045ea4c+      _castnum
0045ea50+      _finaleflat
0045ea54+      _finaletext
0045ea58+      _finalecount
0045ea5c+      _finalestage
Module: f_wipe.obj(D:\JEUX\DOOM\DOSDOOM\SRC32\f_wipe.c)
004061f0*      _f_wipe_rcsid
00406230+      wipe_shittyColMajorXform_
00406300+      wipe_initColorXForm_
00406340+      wipe_doColorXForm_
004063d0+      wipe_exitColorXForm_
004063e0+      wipe_initMelt_
004064f0+      wipe_doMelt_
004066c0+      wipe_exitMelt_
004066d0       wipe_StartScreen_
004066f0       wipe_EndScreen_
00406720       wipe_ScreenWipe_
Module: funcpntr.obj(D:\JEUX\DOOM\DOSDOOM\SRC32\funcpntr.c)
0045ea74       _R_DrawViewBorder
0045ea78       _V_GetBlock
0045ea7c       _R_DrawSpanLow
0045ea80       _R_DrawColumnLow
0045ea84       _V_DrawPatchDirect
0045ea88       _R_VideoErase
0045ea8c       _R_DrawFuzzColumn
0045ea90       _R_FillBackScreen
0045ea94       _R_DrawSpan
0045ea98       _V_ClearScreen
0045ea9c       _R_InitTranslationTables
0045eaa0       _V_DrawBlock
0045eaa4       _R_DrawColumn
0045eaa8       _resinit_r_draw_c
0045eaac       _V_MarkRect
0045eab0       _R_DrawTranslatedColumn
0045eab4       _R_InitBuffer
0045eab8       _V_DrawPatchInDirect
0045eabc       _V_CopyRect
0045eac0       _V_DrawPatch
0045eac4       _V_DrawPatchFlipped
0045eac8       _V_Init
Module: g_game.obj(D:\JEUX\DOOM\DOSDOOM\SRC32\g_game.c)
0045eacc+      _savename
0045ebcc+      _turnheld
0045ebd4+      _mousearray
0045ebe4+      _gamekeydown
0045efe4+      _savedescription
0045f004+      _bodyque
0045f084       _key_speed
0045f08c       _key_left
0045f094       _key_weapon6
0045f09c       _key_weapon7
0045f0a4       _key_weapon4
0045f0ac       _key_weapon5
0045f0b4       _key_weapon2
0045f0bc       _key_weapon3
0045f0c4       _key_weapon0
0045f0cc       _key_weapon1
0045f0d4       _key_weapon8
0045f0dc       _key_fire
0045f0e4       _key_strafe
0045f0ec       _key_map
0045f0f4       _key_straferight
0045f0fc       _key_up
0045f104       _key_down
0045f10c       _key_use
0045f114       _key_strafeleft
0045f11c+      _demoname
0045f13c+      _consistancy
0045f19c       _key_right
0045f1a4       _players
0045f604       _playeringame
0045f614       _wminfo
0045f7a4+      _defdemoname
0045f7a8+      _d_episode
0045f7ac+      _d_skill
0045f7b0+      _d_map
0045f7b4+      _secretexit
0045f7b8+      _joyymove
0045f7bc+      _dclicks
0045f7c0       _statcopy
0045f7c4+      _dclicktime
0045f7c8+      _dclickstate
0045f7cc+      _dclicktime2
0045f7d0+      _mousey
0045f7d4+      _mousex
0045f7d8       _joybuse
0045f7dc+      _joyarray
0045f7f0       _joybspeed
0045f7f4+      _savegameslot
0045f7f8+      _joyxmove
0045f7fc+      _dclickstate2
0045f800+      _dclicks2
0045f804       _mousebforward
0045f808       _mousebfire
0045f80c+      _key_weapon
0045f830       _mousebstrafe
0045f834       _joybfire
0045f838       _joybstrafe
0045f83c+      _starttime
0045f840+      _timingdemo
0045f844+      _sendsave
0045f848+      _demo_p
0045f84c+      _demoend
0045f850+      _savebuffer
0045f854+      _netdemo
0045f858+      _sendpause
0045f85c+      _demobuffer
0045f860       _gameaction
0045f864       _bodyqueslot
0045f868       _gametic
0045f86c       _gamestate
0045f870       _singledemo
0045f874       _paused
0045f878       _viewactive
0045f87c+      _noblit
0045f880       _demoplayback
0045f884       _nodrawers
0045f888       _totalkills
0045f88c       _demorecording
0045f890       _displayplayer
0045f894       _totalitems
0045f898       _totalsecret
0045f89c+      _levelstarttic
0045f8a0       _usergame
0045f8a4       _gameskill
004067d0*      _g_game_rcsid
00406810*      G_CmdChecksum_
00406820       G_BuildTiccmd_
00407080+      G_DoLoadLevel_
00407230       G_Responder_
004074d0       G_Ticker_
00407850*      G_InitPlayer_
00407860+      G_PlayerFinishLevel_
004078e0       G_PlayerReborn_
00407a70+      G_CheckSpot_
00407c30       G_DeathMatchSpawnPlayer_
00407cd0+      G_DoReborn_
00407db0       G_ScreenShot_
00407dc0       G_ExitLevel_
00407de0       G_SecretExitLevel_
00407e40+      G_DoCompleted_
00408280       G_WorldDone_
00408310+      G_DoWorldDone_
00408340       G_LoadGame_
00408380+      G_DoLoadGame_
004084d0       G_SaveGame_
00408510+      G_DoSaveGame_
004086e0       G_DeferedInitNew_
00408700+      G_DoNewGame_
00408780       G_InitNew_
00408a20+      G_ReadDemoTiccmd_
00408a70+      G_WriteDemoTiccmd_
00408af0       G_RecordDemo_
00408bb0       G_BeginRecording_
00408c30       G_DeferedPlayDemo_
00408c50+      G_DoPlayDemo_
00408d60       G_TimeDemo_
00408db0       G_CheckDemoStatus_
0043ea28       _precache
0043ea2c       _forwardmove
0043ea34       _sidemove
0043ea3c+      _angleturn
0043ea48+      _mousebuttons
0043ea4c+      _joybuttons
0043ea50+      _pars
0043eaf0+      _cpars
0045f8a8       _gamemap
0045f8ac       _respawnmonsters
0045f8b0       _deathmatch
0045f8b4       _gameepisode
0045f8b8       _netgame
Module: hu_lib.obj(D:\JEUX\DOOM\DOSDOOM\SRC32\hu_lib.c)
00408ee0*      _hu_lib_rcsid
00408f20*      HUlib_init_
00408f30*      HUlib_clearTextLine_
00408f50       HUlib_initTextLine_
00408f70       HUlib_addCharToTextLine_
00408fb0+      HUlib_delCharFromTextLine_
00408fe0       HUlib_drawTextLine_
004090c0       HUlib_eraseTextLine_
004091a0       HUlib_initSText_
00409230+      HUlib_addLineToSText_
004092c0       HUlib_addMessageToSText_
00409320       HUlib_drawSText_
00409370       HUlib_eraseSText_
004093d0       HUlib_initIText_
00409400+      HUlib_delCharFromIText_
00409420*      HUlib_eraseLineFromIText_
00409450       HUlib_resetIText_
00409460*      HUlib_addPrefixToIText_
00409490       HUlib_keyInIText_
004094c0       HUlib_drawIText_
004094e0       HUlib_eraseIText_
0043eb70       _lastautomapactive
Module: hu_stuff.obj(D:\JEUX\DOOM\DOSDOOM\SRC32\hu_stuff.c)
0045faf4       _message_dontfuckwithme
0043eb78       _chat_macros
0043eba0       _player_names
0043ebb0       _always_off
0043ebb8       _headsupactive
0043ebc0+      _mapnames
0043ec74+      _mapnames2
0043ecf4*      _mapnamesp
0043ed74*      _mapnamest
0043edf4+      _frenchKeyMap
0043ee74       _head
0043ee7c       _tail
0043ee84       _shiftdown
00409510*      _hu_stuff_rcsid
00409549+      _french_shiftxform
004095c9+      _english_shiftxform
00409650*      ForeignTranslation_
00409670       HU_Init_
004096e0*      HU_Stop_
00409710       HU_Start_
004098e0       HU_Drawer_
00409960       HU_Erase_
004099d0       HU_Ticker_
00409cb0+      HU_queueChatChar_
00409d10       HU_dequeueChatChar_
00409d60       HU_Responder_
0043ee8c       _altdown
0043ee94       _num_nobrainers
00460344+      _chat_on
0046034c+      _shiftxform
00460350       _hu_font
Module: i_main.obj(D:\JEUX\DOOM\DOSDOOM\SRC32\i_main.c)
0040a1b0*      _i_main_rcsid
0040a1f0       main_
Module: i_net.obj(D:\JEUX\DOOM\DOSDOOM\SRC32\i_net.c)
0040a210*      _i_net_rcsid
Module: i_system.obj(D:\JEUX\DOOM\DOSDOOM\SRC32\i_system.c)
0040a250*      _i_system_rcsid
0040a290       I_Tactile_
0040a2a0       I_BaseTiccmd_
0040a2b0*      I_GetHeapSize_
0040a2c0       I_ZoneBase_
0040a2e0       I_GetTime_
0040a320       I_Init_
0040a340       I_Quit_
0040a370       I_WaitVBL_
0040a380*      I_EndRead_
0040a380*      I_BeginRead_
0040a390       I_AllocLow_
0040a3b0       I_Error_
0043eea0+      _mb_used
004604f0+      _emptycmd
Module: info.obj(D:\JEUX\DOOM\DOSDOOM\SRC32\info.c)
0040a440*      _info_rcsid
0043eea8       _sprnames
0043f0d0       _states
00445a94       _mobjinfo
Module: m_argv.obj(D:\JEUX\DOOM\DOSDOOM\SRC32\m_argv.c)
0040a480*      _m_argv_rcsid
0040a4c0       M_CheckParm_
004604f8       _myargc
004604fc       _myargv
Module: m_bbox.obj(D:\JEUX\DOOM\DOSDOOM\SRC32\m_bbox.c)
0040a510*      _m_bbox_rcsid
0040a550       M_ClearBox_
0040a570       M_AddToBox_
Module: m_cheat.obj(D:\JEUX\DOOM\DOSDOOM\SRC32\m_cheat.c)
0040a5a0*      _m_cheat_rcsid
0040a5e0       cht_CheckCheat_
0040a6f0       cht_GetParam_
Module: m_fixed.obj(D:\JEUX\DOOM\DOSDOOM\SRC32\m_fixed.c)
0040a720*      _m_fixed_rcsid
0040a760       FixedMul_
0040a790       FixedDiv_
0040a7f0*      FixedDiv2_
Module: m_menu.obj(D:\JEUX\DOOM\DOSDOOM\SRC32\m_menu.c)
00460600+      _tempstring
00460650+      _savegamestrings
00460740+      _messageLastMenuActive
00460748+      _endstring
004607e8+      _saveOldString
00460800       _menuactive
00460808+      _epi
0046080c*      _options_e
00460810*      _sound_e
00460814*      _read_e2
00460818*      _newgame_e
0046081c*      _read_e
00460820*      _load_e
00460824*      _episodes_e
00460828*      _main_e
0046082c+      _currentMenu
00460830*      _messx
00460834*      _messy
00460838       _showMessages
0046083c+      _messageNeedsInput
00460840       _screenblocks
00460844+      _messageString
00460848+      _screenSize
0046084c       _inhelpscreens
00460850+      _messageToPrint
00460854+      _quickSaveSlot
00460858       _detailLevel
0046085c+      _saveStringEnter
00460860+      _itemOn
00460864+      _saveCharIndex
00460868+      _messageRoutine
0046086c+      _saveSlot
00460870       _mouseSensitivity
00448bd4+      _gammamsg
00448c56+      _skullName
00448c68+      _MainMenu
00448ce0+      _MainDef
00448cf8+      _EpisodeMenu
00448d48+      _EpiDef
00448d60+      _NewGameMenu
00448dc4+      _NewDef
00448ddc+      _OptionsMenu
00448e7c+      _OptionsDef
00448e94+      _ReadMenu1
00448ea8+      _ReadDef1
00448ec0+      _ReadMenu2
0040a820*      _m_menu_rcsid
0040a860+      M_ReadSaveStrings_
0040a970+      M_DrawLoad_
0040a9e0+      M_DrawSaveLoadBorder_
0040aa60+      M_LoadSelect_
0040aac0+      M_LoadGame_
0040aaf0+      M_DrawSave_
0040abb0+      M_DoSave_
0040abf0+      M_SaveSelect_
0040ac90+      M_SaveGame_
0040acf0+      M_QuickSaveResponse_
0040ad10+      M_QuickSave_
0040adc0+      M_QuickLoadResponse_
0040ade0+      M_QuickLoad_
0040ae50+      M_DrawReadThis1_
0040aeb0+      M_DrawReadThis2_
0040af00+      M_DrawSound_
0040af70+      M_Sound_
0040afa0+      M_SfxVol_
0040afe0+      M_MusicVol_
0040b020+      M_DrawMainMenu_
0040b050+      M_DrawNewGame_
0040b0a0+      M_NewGame_
0040b130+      M_DrawEpisode_
0040b160+      M_VerifyNightmare_
0040b1a0+      M_ChooseSkill_
0040b1f0+      M_Episode_
0040b290+      M_DrawOptions_
0040b380+      M_Options_
0040b3b0+      M_ChangeMessages_
0040b440+      M_EndGameResponse_
0040b480+      M_EndGame_
0040b4d0+      M_ReadThis_
0040b500+      M_ReadThis2_
0040b530+      M_FinishReadThis_
0040b560+      M_QuitResponse_
0040b5c0+      M_QuitDOOM_
0040b630+      M_ChangeSensitivity_
0040b660+      M_ChangeDetail_
0040b690+      M_SizeDisplay_
0040b6f0+      M_DrawThermo_
0040b7c0*      M_DrawEmptyCell_
0040b800*      M_DrawSelCell_
0040b840+      M_StartMessage_
0040b880*      M_StopMessage_
0040b8a0+      M_StringWidth_
0040b900+      M_StringHeight_
0040b950+      M_WriteText_
0040b9d0       M_Responder_
0040c520       M_StartControlPanel_
0040c570       M_Drawer_
0040c7c0*      M_ClearMenus_
0040c7e0*      M_SetupNextMenu_
0040c800       M_Ticker_
0040c850       M_Init_
00448ed4+      _ReadDef2
00448eec+      _SoundMenu
00448f3c+      _SoundDef
00448f54+      _LoadMenu
00448fcc+      _LoadDef
00448fe4+      _SaveMenu
0044905c+      _SaveDef
00449074+      _detailNames
00449086+      _msgNames
00449098+      _quitsounds
004490b8+      _quitsounds2
00460874+      _whichSkull
00460876+      _skullAnimCounter
Module: m_misc.obj(D:\JEUX\DOOM\DOSDOOM\SRC32\m_misc.c)
0040c970*      _m_misc_rcsid
0040c9b0*      M_DrawText_
0040ca40       M_WriteFile_
0040ca80       M_ReadFile_
0040cb40       M_SaveDefaults_
0040cbd0       M_LoadDefaults_
0040cea0+      WritePCXfile_
0040cfc0       M_ScreenShot_
004490f0+      _defaults
0046087c       _usejoystick
00460884       _usemouse
0046088c+      _numdefaults
00460890+      _defaultfile
Module: m_random.obj(D:\JEUX\DOOM\DOSDOOM\SRC32\m_random.c)
0040d0b0*      _m_random_rcsid
0040d0f0       P_Random_
0040d110       M_Random_
0040d130       M_ClearRandom_
0044949c+      _rndtable
0044959c       _rndindex
004495a0+      _prndindex
Module: m_swap.obj(D:\JEUX\DOOM\DOSDOOM\SRC32\m_swap.c)
0040d150*      _m_swap_rcsid
0040d190*      SwapSHORT_
0040d1b0*      SwapLONG_
Module: multires.obj(D:\JEUX\DOOM\DOSDOOM\SRC32\multires.c)
00460894*      _dscount
00460898       _ds_xstep
0046089c       _ds_ystep
004608a0       _ds_x1
004608a4       _ds_x2
004608a8       _ds_yfrac
004608ac       _ds_source
004608b0       _translationtables
004608b4       _ds_y
004608b8       _ds_colormap
004608bc       _ds_xfrac
004608c0       _dc_translation
004608c4       _dc_texturemid
0040d1e0       fn_vSetCurrentScreen_
0040d240       multires_setres_
0040d3b0       multires_setbpp_
004495a4       _gammatable
00449aa4       _fuzzoffset
004608c8       _screensMP
00460904       _dc_iscale
00460908       _dc_source
0046090c       _dc_x
00460910       _dc_yh
00460914       _dc_yl
00460918       _dc_colormap
0046091c       _usegamma
00460920       _screens
Module: p_ceilng.obj(D:\JEUX\DOOM\DOSDOOM\SRC32\p_ceilng.c)
0040d5e0*      _p_ceilng_rcsid
0040d650       T_MoveCeiling_
0040d7c0       EV_DoCeiling_
0040d910       P_AddActiveCeiling_
0040d940+      P_RemoveActiveCeiling_
0040d990+      P_ActivateInStasisCeiling_
0040d9e0       EV_CeilingCrushStop_
00460934       _activeceilings
Module: p_doors.obj(D:\JEUX\DOOM\DOSDOOM\SRC32\p_doors.c)
0040da40*      _p_doors_rcsid
0040dad0       T_VerticalDoor_
0040dc90       EV_DoLockedDoor_
0040dda0       EV_DoDoor_
0040df70       EV_VerticalDoor_
0040e1f0       P_SpawnDoorCloseIn30_
0040e240       P_SpawnDoorRaiseIn5Mins_
Module: p_enemy.obj(D:\JEUX\DOOM\DOSDOOM\SRC32\p_enemy.c)
0040e2b0*      _p_enemy_rcsid
0040e2f0+      P_RecursiveSound_
0040e3b0       P_NoiseAlert_
0040e3d0+      P_CheckMeleeRange_
0040e430+      P_CheckMissileRange_
0040e510+      P_Move_
0040e640+      P_TryWalk_
0040e660+      P_NewChaseDir_
0040e8c0+      P_LookForPlayers_
0040e9b0       A_KeenDie_
0040ea30       A_Look_
0040eaf0       A_Chase_
0040ed10       A_FaceTarget_
0040ed70       A_PosAttack_
0040edf0       A_SPosAttack_
0040ee90       A_CPosAttack_
0040ef10       A_CPosRefire_
0040ef50       A_SpidRefire_
0040ef90       A_BspiAttack_
0040efc0       A_TroopAttack_
0040f030       A_SargAttack_
0040f080       A_HeadAttack_
0040f0f0       A_CyberAttack_
0040f120       A_BruisAttack_
0040f190       A_SkelMissile_
0040f1f0       A_Tracer_
0040f370       A_SkelWhoosh_
0040f390       A_SkelFist_
0040f3f0+      PIT_VileCheck_
0040f4a0       A_VileChase_
0040f5f0       A_VileStart_
0040f600       A_StartFire_
0040f620       A_FireCrackle_
0040f640       A_Fire_
0040f6c0       A_VileTarget_
0040f710       A_VileAttack_
0040f7d0       A_FatRaise_
0040f7f0       A_FatAttack1_
0040f860       A_FatAttack2_
0040f8e0       A_FatAttack3_
0040f9a0       A_SkullAttack_
0040fa50+      A_PainShootSkull_
0040fb30       A_PainAttack_
0040fb50       A_PainDie_
0040fb90       A_Scream_
0040fc10       A_XScream_
0040fc20       A_Pain_
0040fc40       A_Fall_
0040fc50       A_Explode_
0040fc80       A_BossDeath_
0040fed0       A_Hoof_
0040fef0       A_Metal_
0040ff10       A_BabyMetal_
0040ff30       A_OpenShotgun2_
0040ff40       A_LoadShotgun2_
0040ff50       A_CloseShotgun2_
0040ff70       A_BrainAwake_
0040ffd0       A_BrainPain_
0040ffe0       A_BrainScream_
00410080       A_BrainExplode_
00410100       A_BrainDie_
00410110       A_BrainSpit_
004101b0       A_SpawnSound_
004101d0       A_SpawnFly_
004102f0       A_PlayerScream_
00449b6c+      _opposite
00449b90+      _diags
00449ba0+      _xspeed
00449bc0+      _yspeed
00449be0+      _TRACEANGLE
004609ac+      _braintargets
00460a2c+      _numbraintargets
00460a30+      _braintargeton
00460a34+      _viletryy
00460a38+      _viletryx
00460a3c+      _corpsehit
00460a40+      _vileobj
00460a44+      _soundtarget
Module: p_floor.obj(D:\JEUX\DOOM\DOSDOOM\SRC32\p_floor.c)
00410320*      _p_floor_rcsid
00410360       T_MovePlane_
00410520       T_MoveFloor_
00410600       EV_DoFloor_
004109b0       EV_BuildStairs_
Module: p_inter.obj(D:\JEUX\DOOM\DOSDOOM\SRC32\p_inter.c)
00410b50*      _p_inter_rcsid
00410ba0+      P_GiveAmmo_
00410d20+      P_GiveWeapon_
00410e40+      P_GiveBody_
00410e70+      P_GiveArmor_
00410e90+      P_GiveCard_
00410ec0       P_GivePower_
00410fe0       P_TouchSpecialThing_
00411700+      P_KillMobj_
004118e0       P_DamageMobj_
00449be8       _maxammo
00449bf8+      _clipammo
Module: p_lights.obj(D:\JEUX\DOOM\DOSDOOM\SRC32\p_lights.c)
00411c10*      _p_lights_rcsid
00411c50+      T_FireFlicker_
00411cb0       P_SpawnFireFlicker_
00411d10       T_LightFlash_
00411d60       P_SpawnLightFlash_
00411dd0       T_StrobeFlash_
00411e10       P_SpawnStrobeFlash_
00411ea0       EV_StartLightStrobing_
00411ef0       EV_TurnTagLightsOff_
00411f70       EV_LightTurnOn_
00411ff0       T_Glow_
00412060       P_SpawnGlowingLight_
Module: p_map.obj(D:\JEUX\DOOM\DOSDOOM\SRC32\p_map.c)
00460a48       _spechit
00460a68+      _tmbbox
00460a78+      _crushchange
00460a7c+      _nofit
00460a80+      _bombsource
00460a84+      _bombdamage
00460a88+      _bombspot
00460a8c+      _usething
00460a90       _attackrange
00460a94+      _la_damage
00460a98+      _shootthing
00460a9c+      _aimslope
00460aa0+      _shootz
00460aa4+      _secondslideline
00460aa8+      _bestslideline
00460aac+      _bestslidefrac
00460ab0+      _tmymove
00460ab4+      _tmxmove
00460ab8+      _secondslidefrac
00460abc+      _slidemo
00460ac0+      _tmy
00460ac4+      _tmdropoffz
00460ac8       _numspechit
00460acc+      _tmx
00460ad0+      _tmflags
004120b0*      _p_map_rcsid
004120f0+      PIT_StompThing_
00412190       P_TeleportMove_
00412300+      PIT_CheckLine_
004123f0+      PIT_CheckThing_
004125d0       P_CheckPosition_
00412770       P_TryMove_
004128b0+      P_ThingHeightClip_
00412930+      P_HitSlideLine_
00412a10+      PTR_SlideTraverse_
00412ad0       P_SlideMove_
00412cf0+      PTR_AimTraverse_
00412e60+      PTR_ShootTraverse_
004130e0       P_AimLineAttack_
00413190       P_LineAttack_
00413210+      PTR_UseTraverse_
00413280       P_UseLines_
004132d0+      PIT_RadiusAttack_
00413370       P_RadiusAttack_
00413410+      PIT_ChangeSector_
00413510       P_ChangeSector_
00460ad4+      _tmthing
00460ad8       _linetarget
00460adc       _tmfloorz
00460ae0       _floatok
00460ae4       _ceilingline
00460ae8+      _tmceilingz
Module: p_maputl.obj(D:\JEUX\DOOM\DOSDOOM\SRC32\p_maputl.c)
00413560*      _p_maputl_rcsid
004135a0       P_AproxDistance_
004135d0       P_PointOnLineSide_
00413680       P_BoxOnLineSide_
00413780+      P_PointOnDivlineSide_
00413840+      P_MakeDivline_
00413860+      P_InterceptVector_
004138d0       P_LineOpening_
00413940       P_UnsetThingPosition_
004139f0       P_SetThingPosition_
00413ab0       P_BlockLinesIterator_
00413b20       P_BlockThingsIterator_
00413b70+      PIT_AddLineIntercepts_
00413c80+      PIT_AddThingIntercepts_
00413d60+      P_TraverseIntercepts_
00413e00       P_PathTraverse_
00460aec+      _intercepts
004610ec       _trace
004610fc*      _ptflags
00461100+      _earlyout
00461104+      _intercept_p
00461108       _opentop
0046110c       _lowfloor
00461110       _openbottom
00461114       _openrange
Module: p_mobj.obj(D:\JEUX\DOOM\DOSDOOM\SRC32\p_mobj.c)
00414090*      _p_mobj_rcsid
004140d0       P_SetMobjState_
00414130+      P_ExplodeMissile_
004141a0+      P_XYMovement_
00414480+      P_ZMovement_
00414650+      P_NightmareRespawn_
00414750       P_MobjThinker_
00414800       P_SpawnMobj_
00414920       P_RemoveMobj_
004149b0       P_RespawnSpecials_
00414aa0       P_SpawnPlayer_
00414bf0       P_SpawnMapThing_
00414de0       P_SpawnPuff_
00414e60       P_SpawnBlood_
00414ee0+      P_CheckMissileSpawn_
00414f60       P_SpawnMissile_
00415060       P_SpawnPlayerMissile_
00461118+      _itemrespawnque
00461618+      _itemrespawntime
00461818*      _test
0046181c       _iquehead
00461820       _iquetail
Module: p_plats.obj(D:\JEUX\DOOM\DOSDOOM\SRC32\p_plats.c)
00415150*      _p_plats_rcsid
004151b0       T_PlatRaise_
00415300       EV_DoPlat_
00415570+      P_ActivateInStasis_
004155c0       EV_StopPlat_
00415620       P_AddActivePlat_
00415660+      P_RemoveActivePlat_
00461824       _activeplats
Module: p_pspr.obj(D:\JEUX\DOOM\DOSDOOM\SRC32\p_pspr.c)
004156c0*      _p_pspr_rcsid
00415700+      P_SetPsprite_
00415770*      P_CalcSwing_
00415800+      P_BringUpWeapon_
00415860+      P_CheckAmmo_
004159d0+      P_FireWeapon_
00415a20       P_DropWeapon_
00415a50       A_WeaponReady_
00415b50       A_ReFire_
00415b80       A_CheckReload_
00415b90       A_Lower_
00415bd0       A_Raise_
00415c20       A_GunFlash_
00415c60       A_Punch_
00415d10       A_Saw_
00415e10       A_FireMissile_
00415e40       A_FireBFG_
00415e70       A_FirePlasma_
00415ed0+      P_BulletSlope_
00415f40+      P_GunShot_
00415fa0       A_FirePistol_
00416020       A_FireShotgun_
004160a0       A_FireShotgun2_
00416170       A_FireCGun_
00416240       A_Light0_
00416250       A_Light1_
00416260       A_Light2_
00416270       A_BFGSpray_
00416310       A_BFGsound_
00416320       P_SetupPsprites_
00416350       P_MovePsprites_
0046189c+      _bulletslope
004618a0+      _swingx
004618a4+      _swingy
Module: p_saveg.obj(D:\JEUX\DOOM\DOSDOOM\SRC32\p_saveg.c)
004163b0*      _p_saveg_rcsid
004163f0       P_ArchivePlayers_
004164b0       P_UnArchivePlayers_
004165a0       P_ArchiveWorld_
00416700       P_UnArchiveWorld_
00416850       P_ArchiveThinkers_
00416930       P_UnArchiveThinkers_
00416a80       P_ArchiveSpecials_
00416e70       P_UnArchiveSpecials_
004618a8*      _specials_e
004618ac       _save_p
Module: p_setup.obj(D:\JEUX\DOOM\DOSDOOM\SRC32\p_setup.c)
004618b0       _playerstarts
004618d8       _deathmatchstarts
0046193c       _deathmatch_p
00461940       _bmapwidth
00461944       _bmaporgx
00461948       _bmaporgy
0046194c       _blocklinks
00461950       _bmapheight
00461954       _rejectmatrix
00461958       _blockmaplump
0046195c       _blockmap
00461960       _subsectors
00461964       _nodes
00461968       _sectors
0046196c       _numvertexes
00461970       _segs
00461974       _numlines
00461978       _numnodes
0046197c       _numsectors
00461980+      _numsubsectors
00461984       _vertexes
00461988       _numsides
0046198c+      _numsegs
00461990       _sides
00417250*      _p_setup_rcsid
00417290+      P_LoadVertexes_
00417330+      P_LoadSegs_
00417470+      P_LoadSubsectors_
00417520+      P_LoadSectors_
00417620+      P_LoadNodes_
00417770+      P_LoadThings_
00417820+      P_LoadLineDefs_
004179f0+      P_LoadSideDefs_
00417b20+      P_LoadBlockMap_
00417bf0+      P_GroupLines_
00417de0       P_SetupLevel_
00417fd0       P_Init_
00461994       _lines
Module: p_sight.obj(D:\JEUX\DOOM\DOSDOOM\SRC32\p_sight.c)
00417ff0*      _p_sight_rcsid
00418030+      P_DivlineSide_
004180e0+      P_InterceptVector2_
00418150+      P_CrossSubsector_
00418300+      P_CrossBSPNode_
00418390       P_CheckSight_
00461998+      _strace
004619a8+      _sightcounts
004619b0+      _t2y
004619b4+      _t2x
004619b8       _bottomslope
004619bc+      _sightzstart
004619c0       _topslope
Module: p_spec.obj(D:\JEUX\DOOM\DOSDOOM\SRC32\p_spec.c)
004184b0*      _p_spec_rcsid
004184f0       P_InitPicAnims_
004185f0       getSide_
00418620       getSector_
00418650       twoSided_
00418670       getNextSector_
00418690       P_FindLowestFloorSurrounding_
004186e0       P_FindHighestFloorSurrounding_
00418730       P_FindNextHighestFloor_
004187e0       P_FindLowestCeilingSurrounding_
00418830       P_FindHighestCeilingSurrounding_
00418880       P_FindSectorFromLineTag_
004188d0       P_FindMinSurroundingLight_
00418b50       P_CrossSpecialLine_
00419110       P_ShootSpecialLine_
004191c0       P_PlayerInSpecialSector_
004192f0       P_UpdateSpecials_
00419500       EV_DoDonut_
00419670       P_SpawnSpecials_
00449c08+      _animdefs
004619c4+      _anims
00461c44+      _linespeciallist
00461d44+      _lastanim
00461d48+      _levelTimer
00461d4c+      _levelTimeCount
00461d50+      _numlinespecials
Module: p_switch.obj(D:\JEUX\DOOM\DOSDOOM\SRC32\p_switch.c)
004198c0*      _p_switch_rcsid
00419900       P_InitSwitchList_
004199a0+      P_StartButton_
00419a20       P_ChangeSwitchTexture_
00419e40       P_UseSpecialLine_
00449e8c+      _alphSwitchList
00461d54+      _switchlist
00461ee4       _buttonlist
00462024+      _numswitches
Module: p_telept.obj(D:\JEUX\DOOM\DOSDOOM\SRC32\p_telept.c)
0041a5b0*      _p_telept_rcsid
0041a5f0       EV_Teleport_
Module: p_tick.obj(D:\JEUX\DOOM\DOSDOOM\SRC32\p_tick.c)
0041a7b0*      _p_tick_rcsid
0041a7f0       P_InitThinkers_
0041a810       P_AddThinker_
0041a830       P_RemoveThinker_
0041a840*      P_AllocateThinker_
0041a850+      P_RunThinkers_
0041a8b0       P_Ticker_
00462028       _leveltime
0046202c       _thinkercap
Module: p_user.obj(D:\JEUX\DOOM\DOSDOOM\SRC32\p_user.c)
0041a940*      _p_user_rcsid
0041a980+      P_Thrust_
0041a9c0+      P_CalcHeight_
0041ab00+      P_MovePlayer_
0041aba0+      P_DeathThink_
0041acb0       P_PlayerThink_
00462038+      _onground
Module: qmus2mid.obj(D:\JEUX\DOOM\DOSDOOM\SRC32\qmus2mid.c)
0041af10+      fwrite2_
0041af80+      FreeTracks_
0041afc0*      LittleEndian_
0041afd0+      TWriteByte_
0041b040+      TWriteVarLen_
0041b090+      ReadMUSheader_
0041b1d0+      WriteMIDheader_
0041b220*      TWriteString_
0041b260+      WriteTrack_
0041b340+      WriteFirstTrack_
0041b3f0+      ReadTime_
0041b450+      FirstChannelAvailable_
0041b4c0+      qmus2mid_
0041bfd0       convert_
0041c150*      CheckParm_
0041c180*      PrintHeader_
0041c190*      PrintSyntax_
0044a1c0+      _TRACKBUFFERSIZE
0046203c+      _file_mid
00462040+      _file_mus
Module: r_bsp.obj(D:\JEUX\DOOM\DOSDOOM\SRC32\r_bsp.c)
0041c1a0*      _r_bsp_rcsid
0041c1e0       R_ClearDrawSegs_
0041c1f0+      R_ClipSolidWallSegment_
0041c2e0+      R_ClipPassWallSegment_
0041c370       R_ClearClipSegs_
0041c3b0+      R_AddLine_
0041c500+      R_CheckBBox_
0041c660+      R_Subsector_
0041c740       R_RenderBSPNode_
0044a1c4+      _checkcoord
00462058+      _solidsegs
00462158       _drawsegs
00465158       _frontsector
0046515c       _linedef
00465160       _backsector
00465164       _ds_p
00465168+      _newend
0046516c       _curline
00465170       _sidedef
Module: r_data.obj(D:\JEUX\DOOM\DOSDOOM\SRC32\r_data.c)
00465174+      _spritememory
00465178+      _flatmemory
0046517c+      _texturememory
00465180+      _lastflat
00465184*      _lastpatch
00465188+      _textures
0046518c*      _numpatches
00465190+      _texturewidthmask
00465194*      _firstpatch
00465198+      _texturecolumnlump
0046519c+      _numtextures
004651a0+      _texturecolumnofs
004651a4+      _texturecompositesize
004651a8+      _numflats
004651ac+      _texturecomposite
004651b0       _firstflat
004651b4       _firstspritelump
004651b8       _spritetopoffset
004651bc       _textureheight
004651c0       _spriteoffset
004651c4       _lastspritelump
0041c7c0*      _r_data_rcsid
0041c800+      R_DrawColumnInCache_
0041c870+      R_GenerateComposite_
0041ca20+      R_GenerateLookup_
0041cc50       R_GetColumn_
0041ccd0+      R_InitTextures_
0041d1e0+      R_InitFlats_
0041d280+      R_InitSpriteLumps_
0041d380+      R_InitColormaps_
0041d3f0       R_InitData_
0041d410       R_FlatNumForName_
0041d480       R_CheckTextureNumForName_
0041d4e0       R_TextureNumForName_
0041d510       R_PrecacheLevel_
004651c8       _spritewidth
004651cc       _flattranslation
004651d0       _colormaps
004651d4+      _numspritelumps
004651d8       _texturetranslation
Module: r_draw1.obj(D:\JEUX\DOOM\DOSDOOM\SRC32\r_draw1.c)
0041d840*      _r_draw1_rcsid
0041d890       resinit_r_draw_c8_
0041d8d0       R_DrawColumn8_
0041da00       R_DrawColumnLow8_
0041dac0       R_DrawFuzzColumn8_
0041db80       R_DrawTranslatedColumn8_
0041dc30       R_InitTranslationTables8_
0041dcb0       R_DrawSpan8_
0041deb0       R_DrawSpanLow8_
0041df70       R_InitBuffer8_
0041e0a0       R_FillBackScreen8_
0041e4d0       R_VideoErase8_
0041e500       R_DrawViewBorder8_
004651dc       _columnofs
0046635c       _ylookupMP
00467d5c       _ylookup
00467d60       _fuzzpos
00467d64*      _viewimage
00467d68*      _dccount
00467d6c       _viewwindowx
00467d70       _viewwindowy
00467d74       _scaledviewwidth
00467d78       _viewheight
00467d7c       _viewwidth
Module: r_draw2.obj(D:\JEUX\DOOM\DOSDOOM\SRC32\r_draw2.c)
0041e660*      _r_draw2_rcsid
0041e6b0       resinit_r_draw_c16_
0041e6f0       R_DrawColumn16_
0041e790       R_DrawColumnLow16_
0041e860       R_DrawFuzzColumn16_
0041e940       R_DrawTranslatedColumn16_
0041ea00       R_InitTranslationTables16_
0041ea80       R_DrawSpan16_
0041eb20       R_DrawSpanLow16_
0041ebe0       R_InitBuffer16_
0041ec90       R_FillBackScreen16_
0041f090       R_VideoErase16_
0041f0c0       R_DrawViewBorder16_
Module: r_main.obj(D:\JEUX\DOOM\DOSDOOM\SRC32\r_main.c)
00467da4       _zlight
0046fda4+      _scalelightfixed
0046fe64       _scalelight
00470a64       _viewangletox
00474a64       _setsizeneeded
00474a68+      _setdetail
00474a6c+      _setblocks
00474a70+      _transcolfunc
00474a74+      _framecount
00474a78       _detailshift
00474a7c       _extralight
00474a80       _fixedcolormap
00474a84       _basecolfunc
00474a88       _spanfunc
00474a8c       _fuzzcolfunc
00474a90       _colfunc
00474a94       _xtoviewangle
00474a98*      _linecount
00474a9c       _projection
00474aa0       _centeryfrac
00474aa4       _centerxfrac
00474aa8+      _centerx
00474aac       _centery
0041f220*      _r_main_rcsid
0041f260*      R_AddPointToBox_
0041f290       R_PointOnSide_
0041f350       R_PointOnSegSide_
0041f400       R_PointToAngle_
0041f510       R_PointToAngle2_
0041f530       R_PointToDist_
0041f590*      R_InitPointToAngle_
0041f5a0       R_ScaleFromGlobalAngle_
0041f610*      R_InitTables_
0041f640+      R_InitTextureMapping_
0041f780+      R_InitLightTables_
0041f860       R_SetViewSize_
0041f880       R_ExecuteSetViewSize_
0041fbf0       R_Init_
0041fca0       R_PointInSubsector_
0041fd00+      R_SetupFrame_
0041fde0       R_RenderPlayerView_
0044a28c       _validcount
0044a290       _finecosine
00474ab0*      _loopcount
00474ab4       _viewsin
00474ab8       _sscount
00474abc       _viewcos
00474ac0       _viewplayer
00474ac4       _clipangle
00474ac8       _viewangle
00474acc       _viewz
00474ad0       _viewy
00474ad4       _viewx
00474ad8       _viewangleoffset
Module: r_plane.obj(D:\JEUX\DOOM\DOSDOOM\SRC32\r_plane.c)
00474adc+      _visplanes
004758dc*      _ceilingfunc
004758e0+      _cachedxstep
004758e4+      _planeheight
004758e8+      _cachedystep
004758ec+      _lastvisplane
004758f0+      _spanstart
004758f4+      _cachedheight
004758f8+      _planezlight
004758fc+      _spanstop
00475900+      _openings
0041fe30*      _r_plane_rcsid
0041fe70       resinit_r_plane_c_
0041ffa0       R_InitPlanes_
0041ffb0+      R_MapPlane_
00420120       R_ClearPlanes_
00420200       R_FindPlane_
004202e0       R_CheckPlane_
00420390+      R_MakeSpans_
004204b0       R_DrawPlanes_
00475904+      _cacheddistance
00475908+      _baseyscale
0047590c+      _basexscale
00475910       _floorclip
00475914*      _floorfunc
00475918       _lastopening
0047591c       _ceilingclip
00475920       _yslope
00475924       _distscale
00475928       _floorplane
0047592c       _ceilingplane
Module: r_segs.obj(D:\JEUX\DOOM\DOSDOOM\SRC32\r_segs.c)
00475930+      _bottomstep
00475934       _walllights
00475938+      _maskedtexturecol
0047593c+      _rw_centerangle
00475940+      _topfrac
00475944+      _rw_scalestep
00475948+      _maskedtexture
0047594c+      _rw_toptexturemid
00475950+      _worldtop
00475954+      _rw_bottomtexturemid
00475958+      _rw_midtexturemid
0047595c+      _pixhigh
00475960+      _bottomfrac
00475964+      _pixlow
00475968+      _worldbottom
0047596c+      _pixhighstep
00475970+      _toptexture
00475974+      _midtexture
00475978+      _rw_scale
0047597c+      _topstep
00475980+      _pixlowstep
00475984+      _worldlow
004206e0*      _r_segs_rcsid
00420720       R_RenderMaskedSegRange_
004209c0+      R_RenderSegLoop_
00420da0       R_StoreWallRange_
00475988+      _worldhigh
0047598c+      _bottomtexture
00475990+      _rw_offset
00475994+      _rw_stopx
00475998+      _segtextured
0047599c+      _markfloor
004759a0+      _rw_x
004759a4+      _markceiling
004759a8       _rw_normalangle
004759ac       _rw_distance
004759b0       _rw_angle1
Module: r_sky.obj(D:\JEUX\DOOM\DOSDOOM\SRC32\r_sky.c)
00421790*      _r_sky_rcsid
004217d0       R_InitSkyMap_
004759b4       _skyflatnum
004759b8       _skytexture
004759bc       _skytexturemid
Module: r_things.obj(D:\JEUX\DOOM\DOSDOOM\SRC32\r_things.c)
004759c0+      _vissprites
004777c0+      _overflowsprite
004777fc+      _maxframe
00477800+      _spritelights
00477804+      _spritename
00477808*      _newvissprite
0047780c+      _sprtemp
00477b38       _pspritescale
00477b3c       _sprtopscreen
00477b40       _pspriteiscale
00477b44       _negonearray
004217e0*      _r_things_rcsid
00421820+      R_InstallSpriteLump_
00421990+      R_InitSpriteDefs_
00421c10       R_InitSprites_
00421c60       R_ClearSprites_
00421c70+      R_NewVisSprite_
00421ca0       R_DrawMaskedColumn_
00421d90+      R_DrawVisSprite_
00421eb0+      R_ProjectSprite_
00422160       R_AddSprites_
004221e0+      R_DrawPSprite_
004223c0+      R_DrawPlayerSprites_
00422460+      R_SortVisSprites_
00422550+      R_DrawSprite_
004227b0       R_DrawMasked_
00477b48       _mfloorclip
00477b4c       _mceilingclip
00477b50+      _vissprite_p
00477b54+      _vsprsortedhead
00477b90       _screenheightarray
00477b94       _spryscale
00477b98       _numsprites
00477b9c       _sprites
Module: s_sound.obj(D:\JEUX\DOOM\DOSDOOM\SRC32\s_sound.c)
00477ba0       _numChannels
0044a294       _g_cSoundedPlayer
0044a298*      _g_bSharedSounds
0044a29c       _snd_SfxVolume
0044a2a0       _snd_MusicVolume
00422840*      _s_sound_rcsid
00422878*      _snd_prefixen
004228b0       S_Init_
00422980       S_Start_
00422a30+      S_StartSoundAtVolume_
00422c70       S_StartSound_
00422c80       S_StopSound_
00422cd0       S_PauseSound_
00422d00       S_ResumeSound_
00422d30       S_UpdateSounds_
00422e10       S_SetMusicVolume_
00422e50       S_SetSfxVolume_
00422e80       S_StartMusic_
00422e90       S_ChangeMusic_
00422f20+      S_StopMusic_
00422fb0+      S_StopChannel_
00423050+      S_AdjustSoundParams_
00423180+      S_getChannel_
Module: sounds.obj(D:\JEUX\DOOM\DOSDOOM\SRC32\sounds.c)
00423260*      _sounds_rcsid
0044a2a8       _S_music
0044a6e8       _S_sfx
Module: st_lib.obj(D:\JEUX\DOOM\DOSDOOM\SRC32\st_lib.c)
004232a0*      _st_lib_rcsid
004232e0       STlib_init_
00423300       STlib_initNum_
00423330+      STlib_drawNum_
004234c0       STlib_updateNum_
004234e0       STlib_initPercent_
00423510       STlib_updatePercent_
00423550       STlib_initMultIcon_
00423570       STlib_updateMultIcon_
00423640       STlib_initBinIcon_
00423660       STlib_updateBinIcon_
00477bb0+      _sttminus
Module: st_stuff.obj(D:\JEUX\DOOM\DOSDOOM\SRC32\st_stuff.c)
00478344       _plyrMP
0044b63c       _st_msgcounterMP
0044b644       _st_oldhealthMP
0044b64c       _st_facecountMP
0044b654       _st_faceindexMP
0044b670+      _cheat_mus_seq
0044b679+      _cheat_choppers_seq
0044b684+      _cheat_god_seq
0044b68a+      _cheat_ammo_seq
0044b690+      _cheat_ammonokey_seq
0044b695+      _cheat_noclip_seq
0044b6a0+      _cheat_commercial_noclip_seq
0044b6a7+      _cheat_powerup_seq
0044b6ed+      _cheat_clev_seq
0044b6f7+      _cheat_mypos_seq
0044b700+      _cheat_mus
0044b708+      _cheat_god
0044b710+      _cheat_ammo
0044b718+      _cheat_ammonokey
0044b720+      _cheat_noclip
0044b728+      _cheat_commercial_noclip
0044b730+      _cheat_powerup
0044b768+      _cheat_choppers
0044b770+      _cheat_clev
0044b778+      _cheat_mypos
00423710*      _st_stuff_rcsid
00423750       SetSTStuffForPlayer_
00423970       fn_vUpdateSTStuffForPlayer_
00423ae0*      ST_refreshBackground_
00423b90       ST_Responder_
004240e0+      ST_calcPainOffset_
00424150+      ST_updateFaceWidget_
004244a0+      ST_updateWidgets_
00424640       ST_Ticker_
00424670+      ST_doPaletteStuff_
00424770+      ST_drawWidgets_
00424880*      ST_doRefresh_
004248a0*      ST_diffDraw_
004248b0       ST_Drawer_
00424920+      ST_loadGraphics_
00424bb0*      ST_loadData_
00424bd0+      ST_unloadGraphics_
00424df0*      ST_unloadData_
00424e00+      ST_initData_
00424f00+      ST_createWidgets_
00425670       ST_Start_
004256c0*      ST_Stop_
004256f0       ST_Init_
Module: tables.obj(D:\JEUX\DOOM\DOSDOOM\SRC32\tables.c)
00425700*      _tables_rcsid
00425740       SlopeDiv_
0044b798       _finetangent
0044f798       _finesine
00459798       _tantoangle
Module: v_video1.obj(D:\JEUX\DOOM\DOSDOOM\SRC32\v_video1.c)
00425770*      _v_video1_rcsid
004257b0       V_MarkRect8_
004257e0       V_CopyRect8_
00425890       V_DrawPatch8_
004259a0       V_DrawPatchFlipped8_
00425ac0       V_DrawPatchDirect8_
00425ad0       V_DrawPatchInDirect8_
00425b10       V_DrawBlock8_
00425ba0       V_GetBlock8_
00425c00       V_Init8_
00425c80       V_ClearScreen8_
00478498       _dirtybox
Module: v_video2.obj(D:\JEUX\DOOM\DOSDOOM\SRC32\v_video2.c)
00425d90*      _v_video2_rcsid
00425dd0       V_MarkRect16_
00425e00       V_CopyRect16_
00425eb0       V_DrawPatch16_
00425fd0       V_DrawPatchFlipped16_
004260f0       V_DrawPatchDirect16_
00426100       V_DrawPatchInDirect16_
00426140       V_DrawBlock16_
004261c0       V_GetBlock16_
00426220       V_Init16_
00426290       V_ClearScreen16_
Module: w32netem.obj(D:\JEUX\DOOM\DOSDOOM\SRC32\w32netem.c)
00426360       fn_vSelectPlayerForCmd_
00426370       fn_vSelectPlayerForDsp_
00426390       fn_vInitMultiPlayerVariables_
004784b0*      _g_hMap
004784b4*      _g_p_wSlaveDataLength
004784b8*      _g_swMaster
004784bc*      _g_p_wPacketReceiveFromSlave
004784c0*      _g_p_wPacketReceiveFromMaster
004784c4*      _g_p_wMasterDataLength
004784c8*      _g_swSlave
Module: w_wad.obj(D:\JEUX\DOOM\DOSDOOM\SRC32\w_wad.c)
00426480*      _w_wad_rcsid
004264c0+      ExtractFileBase_
00426540+      W_AddFile_
004267a0       W_Reload_
004268c0       W_InitMultipleFiles_
00426970*      W_InitFile_
00426990*      W_NumLumps_
004269a0       W_CheckNumForName_
00426a40       W_GetNumForName_
00426a70       W_LumpLength_
00426ab0       W_ReadLump_
00426b80       W_CacheLumpNum_
00426c20       W_CacheLumpName_
00426c30*      W_Profile_
004784cc+      _info
00490b6c+      _profilecount
00490b70+      _reloadname
00490b74+      _reloadlump
00490b78+      _lumpcache
00490b7c       _lumpinfo
00490b80+      _numlumps
Module: wi_stuff.obj(D:\JEUX\DOOM\DOSDOOM\SRC32\wi_stuff.c)
00426db0*      _wi_stuff_rcsid
00426df0+      WI_slamBackground_
00426e50*      WI_Responder_
00426e60+      WI_drawLF_
00426ef0+      WI_drawEL_
00426f70+      WI_drawOnLnode_
00427060+      WI_initAnimatedBack_
00427110+      WI_updateAnimatedBack_
00427250*      WI_drawAnimatedBack_
00427260+      WI_drawNum_
00427360+      WI_drawPercent_
004273a0+      WI_drawTime_
00427460*      WI_End_
00427470*      WI_initNoState_
004274a0+      WI_updateNoState_
004274d0+      WI_initShowNextLoc_
00427510+      WI_updateShowNextLoc_
00427580+      WI_drawShowNextLoc_
00427630*      WI_drawNoState_
00427640+      WI_fragSum_
004276b0+      WI_initDeathmatchStats_
00427730+      WI_updateDeathmatchStats_
00427a30+      WI_drawDeathmatchStats_
00427c40+      WI_initNetgameStats_
00427ce0+      WI_updateNetgameStats_
004280c0+      WI_drawNetgameStats_
00428340+      WI_initStats_
004283a0+      WI_updateStats_
004287b0+      WI_drawStats_
004288e0+      WI_checkForAccelerate_
00428940       WI_Ticker_
004289d0+      WI_loadData_
00428e70+      WI_unloadData_
00429410       WI_Drawer_
00429470+      WI_initVariables_
00429510       WI_Start_
Module: win31snd.obj(D:\JEUX\DOOM\DOSDOOM\SRC32\win31snd.c)
00491100*      _channelhandles
00491110*      _channelrightvol_lookup
00491120*      _steptable
00491520*      _channels
00491530*      _channelstart
00491540*      _channelids
00491550*      _vol_lookup
004b1550*      _channelleftvol_lookup
004b1560*      _channelsend
004b1570*      _channelPlayHandles
004b1580       _musicLump
00429540*      _midassound_rcsid
00429580*      MIDASerror_
00429590       I_SoundIsPlaying_
00429590       I_GetSfxLumpNum_
00429590*      addsfx_
00429590*      getsfx_
004295a0       I_StopSound_
004295a0       I_SetMusicVolume_
004295a0*      I_SetSfxVolume_
004295a0       I_SetChannels_
004295b0       I_StartSound_
004295c0       I_UpdateSound_
004295d0       I_UpdateSoundParams_
004295d0       I_SubmitSound_
004295e0       I_ShutdownSound_
004295f0       I_InitSound_
00429610+      I_InitMusic_
00429770       I_ShutdownMusic_
00429790       I_UnRegisterSong_
004297b0+      SendMCI_
00429810       I_PlaySong_
00429840       I_ResumeSong_
00429840       I_PauseSong_
00429910       I_StopSong_
00429940       I_RegisterSong_
004299f0*      I_QrySongPlaying_
004b1588*      _lengths
004b173c*      _midasSD
Module: win32vid.obj(D:\JEUX\DOOM\DOSDOOM\SRC32\win32vid.c)
004b1740       _palette_color
004b1b40+      _cKeyLastFrame
004b1c60       _bCheater
004b1c68+      _win
004b1c78+      _g_wYAmp
004b1c7c+      _g_wXAmp
004b1c80+      _g_wYCenter
004b1c84+      _g_wXCenter
004b1c88*      _g_hSlaveWindow
004b1c8c*      _g_hMasterWindow
004b1c94+      _hicolortable
004b1c9c+      _uiPeekMessageFlag
004b1ca0+      _X_height
004b1ca4+      _grabMouse
004b1ca8+      _X_width
004b1cac+      _bIsPeekMsgYield
004b1cb0       _weirdaspect
004b1cb4       _SCREENWIDTH
004b1cb8       _BPP
004b1cbc       _SCREENHEIGHT
004b1cc0*      _g_bIsMaster
004b1cc4       _hicolortransmask2
0045be74*      _doPointerWarp
0045be7c+      _closed
00429a80*      _win32video_rcsid
00429ac0+      makecol_
00429b10+      fn_vTreatKeysYield_
00429bb0+      fn_vTreatKey_
00429c10*      TranslateKey_
00429da0+      WinError_
00429dd0       fn_vChangeGrabMouse_
0042a1e0+      BlitDIB_
0042a2f0       I_ShutdownGraphics_
0042a330       I_StartFrame_
0042a390+      I_GetEvent_
0042a6d0       I_StartTic_
0042a6e0       I_UpdateNoBlit_
0042a6f0       I_FinishUpdate_
0042a7b0       I_ReadScreen_
0042a7f0       I_SetPalette_
0042abd0+      fn_vCreateWindow_
0042b220       I_InitGraphics_
0045be88+      _C_X_SENSITIVITY
0045be8c+      _C_Y_SENSITIVITY
0045be90       _bOnePalette
004b1cc6       _hicolortransmask1
004b1cc8       _g_cAMCurrentPlayer
004b1cc9       _g_cCurrentPlayerForCmd
004b1cca       _g_cCurrentPlayerForDsp
Module: z_zone.obj(D:\JEUX\DOOM\DOSDOOM\SRC32\z_zone.c)
0042b640*      _z_zone_rcsid
0042b680*      Z_ClearZone_
0042b6c0       Z_Init_
0042b710       Z_Free_
0042b7b0       Z_Malloc_
0042b8b0       Z_FreeTags_
0042b900*      Z_DumpHeap_
0042b9c0*      Z_FileDumpHeap_
0042ba70       Z_CheckHeap_
0042bae0       Z_ChangeTag2_
0042bb30*      Z_FreeMemory_
004b1cf8+      _mainzone
Module: d:\watcom\lib386\clib3r.lib(sprintf)
0042bb66       sprintf_
Module: d:\watcom\lib386\clib3r.lib(memset)
0042bb87       memset_
Module: d:\watcom\lib386\clib3r.lib(iob)
0045bea4       ___iob
0045c0ac       ___tmpfnext
0045c0ad       __fmode
004b1cfc       ___OpenStreams
004b1d00       ___ClosedStreams
Module: d:\watcom\lib386\clib3r.lib(fprintf)
0042bb9f       fprintf_
Module: d:\watcom\lib386\clib3r.lib(printf)
0042bbc0       printf_
Module: d:\watcom\lib386\clib3r.lib(fopen)
0042bbe2+      __open_flags_
0042bde3+      _fsopen_
0042be27       fopen_
0042beab       freopen_
Module: d:\watcom\lib386\clib3r.lib(nmalloc)
0042bf22       _nmalloc_
0042bf22       malloc_
0045c0b4       ___nheapbeg
0045c0b8       ___MiniHeapRover
0045c0bc       ___LargestSizeB4MiniHeapRover
Module: d:\watcom\lib386\clib3r.lib(getenv)
0042c00f       getenv_
Module: d:\watcom\lib386\clib3r.lib(accsswnt)
0042c069       access_
Module: d:\watcom\lib386\clib3r.lib(exit)
0042c09d+      __null_int23_exit_
0042c09e       exit_
0042c0ca+      _exit_
0045c0c0+      ___int23_exit
0045c0c4+      ___FPE_handler_exit
Module: d:\watcom\lib386\clib3r.lib(fseek)
0042c144       fseek_
Module: d:\watcom\lib386\clib3r.lib(ftell)
0042c254       ftell_
Module: d:\watcom\lib386\clib3r.lib(fread)
0042c2ad       fread_
Module: d:\watcom\lib386\clib3r.lib(fclose)
0042c4b2       fclose_
0042c4f1       __shutdown_stream_
0042c512       __MkTmpFile_
0042c5bc       __doclose_
Module: d:\watcom\lib386\clib3r.lib(setbuf)
0042c679       setbuf_
Module: d:\watcom\lib386\clib3r.lib(mkdirwnt)
0042c696       mkdir_
Module: d:\watcom\lib386\clib3r.lib(atoi)
0042c6b3       atoi_
Module: d:\watcom\lib386\clib3r.lib(fgetc)
0042c70a       fgetc_
0042c7cf+      __filbuf_
0042c7fe       __fill_buffer_
Module: d:\watcom\lib386\clib3r.lib(toupper)
0042c8b2       toupper_
Module: d:\watcom\lib386\clib3r.lib(_strcmp)
0042c8c0       strcmp_
Module: d:\watcom\lib386\clib3r.lib(cstrtwnt)
0042c962       _cstart_
0042c962*      mainCRTStartup
Module: d:\watcom\lib386\clib3r.lib(argcv)
004b1d04       __argc
004b1d08       __argv
004b1d0c       ___argc
004b1d10       ___argv
Module: d:\watcom\lib386\clib3r.lib(vfprintf)
0042c9d6       vfprintf_
Module: d:\watcom\lib386\clib3r.lib(fflush)
0042c9db       fflush_
Module: d:\watcom\lib386\clib3r.lib(stricmp)
0042c9eb       stricmp_
Module: d:\watcom\lib386\clib3r.lib(i8m)
0042ca26       __I8M
0042ca26       __U8M
Module: d:\watcom\lib386\clib3r.lib(i8s)
0042ca42*      __U8RS
0042ca5e       __I8RS
0042ca7b       __I8LS
0042ca7b*      __U8LS
Module: d:\watcom\lib386\clib3r.lib(i8d)
0042ca98       __I8D
0042caed       __U8D
Module: d:\watcom\lib386\clib3r.lib(openwnt)
0042cb7b       open_
0042cb9f       sopen_
Module: d:\watcom\lib386\clib3r.lib(read)
0042cdcf       read_
Module: d:\watcom\lib386\clib3r.lib(close)
0042cf85       close_
Module: d:\watcom\lib386\clib3r.lib(strncpy)
0042cfcb       strncpy_
Module: d:\watcom\lib386\clib3r.lib(write)
0042d0b3       write_
Module: d:\watcom\lib386\clib3r.lib(fstatwnt)
0042d397       fstat_
Module: d:\watcom\lib386\clib3r.lib(fscanf)
0042d64c+      vfscanf_
0042d6b0       fscanf_
Module: d:\watcom\lib386\clib3r.lib(sscanf)
0042d6fe+      vsscanf_
0042d725       sscanf_
Module: d:\watcom\lib386\clib3r.lib(calloc)
0042d746       calloc_
Module: d:\watcom\lib386\clib3r.lib(fwrite)
0042d75e       fwrite_
Module: d:\watcom\lib386\clib3r.lib(nfree)
0042d964       _nfree_
0042d964       free_
004b1d14       ___MiniHeapFreeRover
Module: d:\watcom\lib386\clib3r.lib(strncmp)
0042da68       strncmp_
Module: d:\watcom\lib386\clib3r.lib(statwnt)
0042db8c       stat_
Module: d:\watcom\lib386\clib3r.lib(stackwnt)
0042ddc5       stackavail_
Module: d:\watcom\lib386\clib3r.lib(stk)
0042ddd5*      __CHK
0042dde5*      __STK
0042de04       __STKOVERFLOW_
0042de14       __GRO
0042de34*      __alloca_probe
Module: d:\watcom\lib386\clib3r.lib(strnicmp)
0042de48       strnicmp_
Module: d:\watcom\lib386\clib3r.lib(_istrcmp)
0042de92       strcmpi_
Module: d:\watcom\lib386\clib3r.lib(filelen)
0042de97       filelength_
Module: d:\watcom\lib386\clib3r.lib(nrealloc)
0042df0d*      _nrealloc_
0042df0d       realloc_
Module: d:\watcom\lib386\clib3r.lib(lseekwnt)
0042df87       lseek_
Module: d:\watcom\lib386\clib3r.lib(strupr)
0042dffb       strupr_
Module: d:\watcom\lib386\clib3r.lib(remove)
0042e019       remove_
Module: d:\watcom\lib386\clib3r.lib(assert)
0042e01e       _assert_
0042e195*      __assert_
Module: d:\watcom\lib386\clib3r.lib(vsprintf)
0042e1c6       vsprintf_
Module: d:\watcom\lib386\clib3r.lib(__stos)
0042e1e0       __STOSB
0042e217*      __STOSD
Module: d:\watcom\lib386\clib3r.lib(initfile)
0042e283       __InitFiles_
Module: d:\watcom\lib386\clib3r.lib(ioexit)
0042e315       __full_io_exit_
0042e321*      fcloseall_
Module: d:\watcom\lib386\clib3r.lib(fprtf)
0042e38f       __fprtf_
Module: d:\watcom\lib386\clib3r.lib(comtflag)
0042e44f*      __set_commode_
0045c0dc       __commode
Module: d:\watcom\lib386\clib3r.lib(seterrno)
0042e45a       __set_errno_
0042e468*      __set_EDOM_
0042e46f*      __set_ERANGE_
0042e476*      __set_EINVAL_
0042e486       __set_doserrno_
Module: d:\watcom\lib386\clib3r.lib(tolower)
0042e494       tolower_
Module: d:\watcom\lib386\clib3r.lib(allocfp)
0042e4a2       __allocfp_
0042e55d       __freefp_
0042e596       __purgefp_
Module: d:\watcom\lib386\clib3r.lib(chktty)
0042e5b4       __chktty_
Module: d:\watcom\lib386\clib3r.lib(mainwnt)
0045c0e0       ___TlsIndex
0045c0e4       ___GetThreadPtr
0045c0e8       __AccessFileH
0045c0ec       __ReleaseFileH
0045c0f0       __InitAccessH
0045c0f4       __FiniAccessH
0045c0f8       __AccessIOB
0045c0fc       __ReleaseIOB
0045c100       __AccessNHeap
0045c104       __AccessFHeap
0045c108       __ReleaseNHeap
0042e5e5*      __threadid_
0042e5f6+      __sig_null_rtn_
0042e601+      __NTInit_
0042e82c       __NTMainInit_
0042e87e       __exit_
0045c10c       __ReleaseFHeap
0045c110       __AccessTDList
0045c114       __ReleaseTDList
0045c118       __AccessFList
0045c11c       __ReleaseFList
0045c120       __ThreadExitRtn
0045c124       ___sig_init_rtn
0045c128       ___sig_fini_rtn
0045c12c+      ___process_fini
004b1d1c       ___Is_DLL
004b1d20       ___FirstThreadData
Module: d:\watcom\lib386\clib3r.lib(winrtns)
0045c130       __WindowsIsWindowedHandle
0045c134       __WindowsRemoveWindowedHandle
0045c138       __WindowsNewWindow
0045c13c       __WindowsCloseWindow
0045c140*      __WindowsSetAbout
0045c144*      __WindowsSetAppTitle
0045c148*      __WindowsSetConTitle
0045c14c*      __WindowsDestroyOnClose
0045c150*      __WindowsYieldControl
0045c154*      __WindowsShutDown
0045c158       __WindowsStdin
0045c15c       __WindowsStdout
0045c160*      __WindowsKbhit
0045c164       __WindowsGetch
0045c168*      __WindowsGetche
0045c16c       __WindowsPutch
0045c170       __WindowExitRtn
Module: d:\watcom\lib386\clib3r.lib(mem)
0042e8c0       __MemAllocator
0042e970       __MemFree
Module: d:\watcom\lib386\clib3r.lib(grownear)
0042eba6       __ExpandDGROUP_
Module: d:\watcom\lib386\clib3r.lib(nmemneed)
0042ec01       __nmemneed_
Module: d:\watcom\lib386\clib3r.lib(heapmod)
004b1d30       ___nheap_clean
004b1d31       ___fheap_clean
Module: d:\watcom\lib386\clib3r.lib(environ)
004b1d34       ___env_mask
004b1d38       _environ
004b1d3c       __wenviron
Module: d:\watcom\lib386\clib3r.lib(mbsnicmp)
0042ec04       _mbsnicmp_
Module: d:\watcom\lib386\clib3r.lib(dosret)
0042ec76*      _dosret0_
0042ec7d*      _dosretax_
0042ec81       __set_errno_dos_
0042ecd2       __set_errno_nt_
Module: d:\watcom\lib386\clib3r.lib(initrtns)
0042ecef       __InitRtns
0042ed3b       __FiniRtns
Module: d:\watcom\lib386\clib3r.lib(flush)
0042ed8c       __flush_
Module: d:\watcom\lib386\clib3r.lib(tellwnt)
0042ee9b       tell_
Module: d:\watcom\lib386\clib3r.lib(ioalloc)
0042eef6       __ioalloc_
Module: d:\watcom\lib386\clib3r.lib(qread)
0042ef7d       __qread_
Module: d:\watcom\lib386\clib3r.lib(gtpidwnt)
0042f00f       getpid_
Module: d:\watcom\lib386\clib3r.lib(tmpfl)
0042f01b*      tmpfile_
0042f110       __GetTmpPath_
Module: d:\watcom\lib386\clib3r.lib(_clsewnt)
0042f1d8       __close_
Module: d:\watcom\lib386\clib3r.lib(setvbuf)
0042f265       setvbuf_
Module: d:\watcom\lib386\clib3r.lib(istable)
0045c2a0       __IsTable
Module: d:\watcom\lib386\clib3r.lib(flushall)
0042f2dc       flushall_
0042f2e1       __flushall_
Module: d:\watcom\lib386\clib3r.lib(gtchewnt)
0042f31c       getche_
Module: d:\watcom\lib386\clib3r.lib(main2wnt)
0042f33e       __NTMain
Module: d:\watcom\lib386\clib3r.lib(segdefns)
00401003       ___begtext
00437000*      __nullarea
0045c8ca       __Start_XI
0045c8f4       __End_XI
0045c8be       __Start_YI
0045c8ca       __End_YI
Module: d:\watcom\lib386\clib3r.lib(initargv)
0042f390       __Init_Argv_
Module: d:\watcom\lib386\clib3r.lib(nthdl)
0045c3a4       ___FileHandleIDs
0042f56f       __NTAtMaxFiles_
0042f5b4       __NTAddFileHandle_
0042f62d       __NTAddSpecificFileHandle_
0042f6d2       __NTRemoveFileHandle_
0042f6fe       __NTInitFileHandles_
0042f75d       __NTGetFakeHandle_
Module: d:\watcom\lib386\clib3r.lib(ntfio)
0042f786*      __GetNTCreateAttr_
0042f7b3       __GetNTAccessAttr_
0042f7df       __GetNTShareAttr_
Module: d:\watcom\lib386\clib3r.lib(umaskval)
0045c3b0       ___umaskval
Module: d:\watcom\lib386\clib3r.lib(iomode)
0042f837       __IOMode_
0042f88c       __SetIOMode_
0045c3b4       ___NFiles
0045c3b8+      ___init_mode
0045c408+      __iomode
Module: d:\watcom\lib386\clib3r.lib(isattwnt)
0042f8ad       isatty_
Module: d:\watcom\lib386\clib3r.lib(ntdirinf)
0042f903       __MakeDOSDT_
0042f929*      __FromDOSDT_
0042f956*      __GetNTDirInfo_
0042f991*      __NTFindNextFileWithAttr_
Module: d:\watcom\lib386\clib3r.lib(d2ttime)
0042f9c1       _d2ttime_
Module: d:\watcom\lib386\clib3r.lib(ungetc)
0042fa27       ungetc_
Module: d:\watcom\lib386\clib3r.lib(scnf)
0042faf0       __scnf_
Module: d:\watcom\lib386\clib3r.lib(qwrit)
00430986       __qwrite_
Module: d:\watcom\lib386\clib3r.lib(fputc)
00430a50       fputc_
Module: d:\watcom\lib386\clib3r.lib(crwdata)
0045c434*      __psp
0045c45f       __osmajor
0045c460       __osminor
0045c461       __osbuild
0045c463       __osver
0045c467       __winmajor
0045c46b       __winminor
0045c46f       __winver
0045c456*      __Extender
0045c457*      __ExtenderSubtype
0045c458*      __X32VM
0045c438*      __x386_stacklow
0045c41c       __LpCmdLine
0045c420       __LpPgmName
0045c424       __LpDllName
0045c428       __LpwCmdLine
0045c42c       __LpwPgmName
0045c430       __LpwDllName
0045c414*      __dynend
0045c418       __curbrk
0045c438*      __STACKLOW
0045c43c       __STACKTOP
0045c440       __ASTACKSIZ
0045c444       __ASTACKPTR
0045c448       __cbyte
0045c44c*      __cbyte2
0045c450*      __child
0045c459       __Envptr
0045c45d*      __Envseg
0045c454       __no87
0045c473*      __FPE_handler
0045c473*      ___FPE_handler
Module: d:\watcom\lib386\clib3r.lib(mbspbrk)
00430b2f       _mbspbrk_
Module: d:\watcom\lib386\clib3r.lib(gtcwdwnt)
00430b69       getcwd_
Module: d:\watcom\lib386\clib3r.lib(fullpath)
00430bea       _fullpath_
Module: d:\watcom\lib386\clib3r.lib(mbsinc)
00430c7b       _mbsinc_
Module: d:\watcom\lib386\clib3r.lib(chdirwnt)
00430ca8       chdir_
Module: d:\watcom\lib386\clib3r.lib(xmsgwnt)
00430cc3+      __exit_with_msg_
00430cfc       __fatal_runtime_error_
Module: d:\watcom\lib386\clib3r.lib(nmsize)
00430d19       _nmsize_
00430d19*      _msize_
Module: d:\watcom\lib386\clib3r.lib(nexpand)
00430d24       _nexpand_
00430d24*      _expand_
00430d5e+      __HeapManager_expand_
Module: d:\watcom\lib386\clib3r.lib(unlnkwnt)
00430f08       unlink_
Module: d:\watcom\lib386\clib3r.lib(_isnprin)
00430f24       _snprintf_
Module: d:\watcom\lib386\clib3r.lib(enterdb)
00430f29       __EnterWVIDEO_
0045c478       ___WD_Present
Module: d:\watcom\lib386\clib3r.lib(abort)
00430f4f       abort_
00430f55       __terminate_
0045c47c       ___abort
Module: d:\watcom\lib386\clib3r.lib(prtf)
00430f67       __prtf_
Module: d:\watcom\lib386\clib3r.lib(mthread)
00431bef+      __NTGetCriticalSection_
00431c43+      __CloseSemaphore_
00431c71+      __AccessIOB_
00431c7b+      __ReleaseIOB_
00431c85+      __AccessFileH_
00431c92+      __ReleaseFileH_
00431ca2+      __InitAccessH_
00431ca7+      __FiniAccessH_
00431cc3+      __AccessNHeap_
00431cca+      __ReleaseNHeap_
00431cd4+      __AccessFHeap_
00431cdb+      __ReleaseFHeap_
00431ce5+      __AccessTDList_
00431cec+      __ReleaseTDList_
00431cf3+      __AccessFList_
00431cf8+      __AccessSemaphore_
00431d59+      __ReleaseFList_
00431d5e+      __ReleaseSemaphore_
00431d85+      __MultipleThread_
00431dc9       __AllocInitThreadData_
00431e03       __NTThreadInit_
00431e58       __NTAddThread_
00431ea7       __NTRemoveThread_
00431f06+      __NTThreadFini_
00431f28       __InitMultipleThread_
0045c480+      ___AccessSema4
0045c484+      ___ReleaseSema4
0045c488+      ___CloseSema4
Module: d:\watcom\lib386\clib3r.lib(strdup)
004320af       strdup_
Module: d:\watcom\lib386\clib3r.lib(getmodfn)
004320f4       __lib_GetModuleFileNameW_
Module: d:\watcom\lib386\clib3r.lib(ustrdup)
00432184       _wcsdup_
Module: d:\watcom\lib386\clib3r.lib(stklmwnt)
004321ab       __init_stack_limits_
Module: d:\watcom\lib386\clib3r.lib(excptwnt)
0043246e+      ___ExceptionFilter
00432632       __NewExceptionHandler_
0043267e       __DoneExceptionHandler_
0045c48c       ___oscode_check_func
0045c490       ___raise_func
004b24a4*      _sw
004b24a8+      ___ExceptionHandled
Module: d:\watcom\lib386\clib3r.lib(heapen)
004326a2*      _heapenable_
0045c4a8       ___heap_enabled
Module: d:\watcom\lib386\clib3r.lib(nheapmin)
004326c3       _nheapshrink_
004326c3*      _nheapmin_
004326c3*      _heapmin_
004326c3*      _heapshrink_
Module: d:\watcom\lib386\clib3r.lib(amblksiz)
0045c4ac       __amblksiz
Module: d:\watcom\lib386\clib3r.lib(setenvp)
0043278f       __setenvp_
Module: d:\watcom\lib386\clib3r.lib(mbterm)
0043284c       _mbterm_
Module: d:\watcom\lib386\clib3r.lib(mbcicmp)
00432888       _mbcicmp_
Module: d:\watcom\lib386\clib3r.lib(fsync)
004328df       fsync_
Module: d:\watcom\lib386\clib3r.lib(errno)
0043293c       __get_errno_ptr_
00432946*      __get_doserrno_ptr_
Module: d:\watcom\lib386\clib3r.lib(renamwnt)
00432950       rename_
Module: d:\watcom\lib386\clib3r.lib(getchwnt)
00432a76       getch_
Module: d:\watcom\lib386\clib3r.lib(putchwnt)
00432af2       putch_
Module: d:\watcom\lib386\clib3r.lib(regdata)
00432b56*      __RegisterThreadDataSize_
0045c4b4       ___ThreadDataSize
Module: d:\watcom\lib386\clib3r.lib(cmain386)
00432b7e       __CMain
Module: d:\watcom\lib386\clib3r.lib(dosseg)
00001234       __DOSseg__
Module: d:\watcom\lib386\clib3r.lib(___argc)
004b24b8       ____Argc
004b24bc       ____Argv
Module: d:\watcom\lib386\clib3r.lib(histsplt)
004b24c0       ___historical_splitparms
Module: d:\watcom\lib386\clib3r.lib(mktime)
00432bdc       mktime_
Module: d:\watcom\lib386\clib3r.lib(mbisdbcs)
004b24c4       ___IsDBCS
Module: d:\watcom\lib386\clib3r.lib(mbislead)
00432d6b*      _ismbblead_
004b24c8       ___MBCSIsTable
Module: d:\watcom\lib386\clib3r.lib(mbtowc)
00432d80       mbtowc_
Module: d:\watcom\lib386\clib3r.lib(noefgfmt)
0045c4b8       ___EFG_printf
0045c4bc       ___EFG_scanf
Module: d:\watcom\lib386\clib3r.lib(fdfs)
00432e26       __FDFS
Module: d:\watcom\lib386\clib3r.lib(mbsnextc)
00432e72       _mbsnextc_
Module: d:\watcom\lib386\clib3r.lib(mbschr)
00432ead       _mbschr_
Module: d:\watcom\lib386\clib3r.lib(bprintf)
00432f28+      _vbprintf_
00432f51       _bprintf_
Module: d:\watcom\lib386\clib3r.lib(wctomb)
00432f78       wctomb_
Module: d:\watcom\lib386\clib3r.lib(itoa)
00432fad+      utoa_
00432ff6       itoa_
Module: d:\watcom\lib386\clib3r.lib(lltoa)
00433011       __clib_ulltoa_
004330a8*      __clib_lltoa_
Module: d:\watcom\lib386\clib3r.lib(ltoa)
004330fe       ultoa_
00433147*      ltoa_
Module: d:\watcom\lib386\clib3r.lib(trdlist)
00433162       __GetThreadData_
0043319b       __ReallocThreadData_
0043326f       __AddThreadData_
004332d0       __RemoveThreadData_
0043331a       __ResizeThreadDataList_
0043333d       __FreeThreadDataList_
Module: d:\watcom\lib386\clib3r.lib(mthrdini)
00433366       __InitThreadData_
Module: d:\watcom\lib386\clib3r.lib(trdalloc)
0043338e       __FiniThreadProcessing_
Module: d:\watcom\lib386\clib3r.lib(ustrlen)
00433393       wcslen_
Module: d:\watcom\lib386\clib3r.lib(memcpy)
004333a6       memcpy_
Module: d:\watcom\lib386\clib3r.lib(conutwnt)
004333cb       __NTRealKey_
0043345d       __NTConsoleInput_
00433468       __NTConsoleOutput_
Module: d:\watcom\lib386\clib3r.lib(fclex387)
00433473       _ClearFPE_
Module: d:\watcom\lib386\clib3r.lib(signlwnt)
0045c540+      _SignalTable
00433476+      __SetSignalFunc_
004334b2+      __GetSignalFunc_
004334d4+      __GetSignalOSCode_
004334f6+      __CheckSignalExCode_
0043360e+      __sigabort_
00433613+      raise_
00433640       __sigfpe_handler_
00433684*      signal_
00433756+      __SigInit_
0043379c+      __SigFini_
004337cb+      __sig_init_
Module: d:\watcom\lib386\clib3r.lib(dofilstr)
004337e6       __ParsePosixHandleStr_
Module: d:\watcom\lib386\clib3r.lib(mbccpy)
00433906       _mbccpy_
Module: d:\watcom\lib386\clib3r.lib(mbclen)
00433937       _mbclen_
Module: d:\watcom\lib386\clib3r.lib(mbsupr)
00433962       _mbsupr_
Module: d:\watcom\lib386\clib3r.lib(mbccmp)
004339b1       _mbccmp_
Module: d:\watcom\lib386\clib3r.lib(cinit)
00433a09       __CommonInit_
Module: d:\watcom\lib386\clib3r.lib(timeutil)
00433a0a       __leapyear_
00433b64       __isindst_
0043e4c8       ___diyr
0043e4e2       ___dilyr
Module: d:\watcom\lib386\clib3r.lib(gmtime)
00433e43       __brktime_
00433f58+      _gmtime_
00433f76*      gmtime_
Module: d:\watcom\lib386\clib3r.lib(tzset)
0045c5ac       ___start_dst
0045c5d0       ___end_dst
0045c6f6       _tzname
0045c6fe       _timezone
0045c702+      _daylight
0045c706       ___dst_adjust
00433f8d*      __DontCacheOSTZ_
00433fa7*      __CacheOSTZ_
004340c2       tzset_
004340d4*      __parse_tz_
Module: d:\watcom\lib386\clib3r.lib(mbinit)
004343fc       __mbinit_
0045c710       ___MBCodePage
Module: d:\watcom\lib386\clib3r.lib(mbconv)
00434548       _mbvtop_
Module: d:\watcom\lib386\clib3r.lib(register)
00434565*      _beginthread_
0043456c       _endthread_
00434573       __initthread_
0043457a*      __RegisterThreadData_
Module: d:\watcom\lib386\clib3r.lib(cntrl87)
004345b9       _control87_
Module: d:\watcom\lib386\clib3r.lib(strtol)
00434744*      strtoul_
0043474e       strtol_
Module: d:\watcom\lib386\clib3r.lib(putenv)
004347a7       putenv_
004348ff       __putenv_
Module: d:\watcom\lib386\clib3r.lib(mbcupper)
00434b4a       _mbctoupper_
Module: d:\watcom\lib386\clib3r.lib(wcstombs)
00434bb3       wcstombs_
Module: d:\watcom\lib386\clib3r.lib(thredwnt)
00434d10       __CBeginThread_
00434de9       __CEndThread_
Module: d:\watcom\lib386\clib3r.lib(01h)
0045c7ac       __8087
0045c7ad       __real87
Module: d:\watcom\lib386\clib3r.lib(mbslen)
00434e16       _mbslen_
Module: d:\watcom\lib386\clib3r.lib(mbstowcs)
00434e38       mbstowcs_
Module: d:\watcom\lib386\clib3r.lib(uputenv)
00434eab*      _wputenv_
00434fd6       __wputenv_
Module: d:\watcom\lib386\clib3r.lib(memmove)
0043520b       memmove_
Module: d:\watcom\lib386\clib3r.lib(mbdtoupp)
00435258       _mbdtoupper_
Module: d:\watcom\lib386\clib3r.lib(chk8087)
00435274+      __init_8087_
004352a5*      _fpreset_
004352af       __chk8087_
Module: d:\watcom\lib386\clib3r.lib(ustrchr)
004352f3       wcschr_
Module: d:\watcom\lib386\clib3r.lib(setenvar)
00435309       __lib_SetEnvironmentVariableW_
Module: d:\watcom\lib386\clib3r.lib(crtwenv)
004353cf       __create_wide_environment_
Module: d:\watcom\lib386\clib3r.lib(utoupper)
0043541f       towupper_
Module: d:\watcom\lib386\clib3r.lib(ismbdlow)
0043542f       _ismbdlower_
Module: d:\watcom\lib386\clib3r.lib(save8087)
0045c7b0       ___Save8087
0045c7b4       ___Rest8087
Module: d:\watcom\lib386\clib3r.lib(8087cw)
0045c7b8       __8087cw
Module: d:\watcom\lib386\clib3r.lib(init8087)
00435474       __init_80x87
Module: d:\watcom\lib386\clib3r.lib(mbislegl)
0043549b       _ismbclegal_
Module: d:\watcom\lib386\clib3r.lib(mbistrai)
004354da       _ismbbtrail_
Module: d:\watcom\lib386\clib3r.lib(isktable)
0045c7bc       __IsKTable


                        +----------------------+
                        |   Imported Symbols   |
                        +----------------------+

Symbol                              Module
======                              ======

_WSACleanup@0                       WSOCK32.dll
_WideCharToMultiByte@32             KERNEL32.dll
_SetConsoleCtrlHandler@8            KERNEL32.dll
_GetTimeZoneInformation@4           KERNEL32.dll
_GetACP@0                           KERNEL32.dll
_GetOEMCP@0                         KERNEL32.dll
_GetCPInfo@8                        KERNEL32.dll
_SetEnvironmentVariableA@8          KERNEL32.dll
_CharUpperBuffA@8                   USER32.dll
_SetEvent@4                         KERNEL32.dll
_GetCurrentThread@0                 KERNEL32.dll
_CreateThread@24                    KERNEL32.dll
_WaitForSingleObject@8              KERNEL32.dll
_ExitThread@4                       KERNEL32.dll
_SetEnvironmentVariableW@8          KERNEL32.dll
_timeGetTime@0                      WINMM.dll
_TextOutA@20                        GDI32.dll
_timeBeginPeriod@4                  WINMM.dll
_timeEndPeriod@4                    WINMM.dll
_Sleep@4                            KERNEL32.dll
_mciSendStringA@16                  WINMM.dll
_mciGetErrorStringA@12              WINMM.dll
_GetAsyncKeyState@4                 USER32.dll
_GetLastError@0                     KERNEL32.dll
_ClipCursor@4                       USER32.dll
_GetWindowRect@8                    USER32.dll
_ShowCursor@4                       USER32.dll
_UnrealizeObject@4                  GDI32.dll
_SetSystemPaletteUse@8              GDI32.dll
_PostQuitMessage@4                  USER32.dll
_SetPaletteEntries@16               GDI32.dll
_SelectPalette@12                   GDI32.dll
_RealizePalette@4                   GDI32.dll
_DefWindowProcA@16                  USER32.dll
_GetClientRect@8                    USER32.dll
_SetDIBitsToDevice@48               GDI32.dll
_PeekMessageA@20                    USER32.dll
_TranslateMessage@4                 USER32.dll
_DispatchMessageA@4                 USER32.dll
_joyGetPos@8                        WINMM.dll
_GetCursorPos@4                     USER32.dll
_SetCursorPos@8                     USER32.dll
_CreateWindowExA@48                 USER32.dll
_ShowWindow@8                       USER32.dll
_UpdateWindow@4                     USER32.dll
_MoveWindow@24                      USER32.dll
_GetDC@4                            USER32.dll
_GetDeviceCaps@8                    GDI32.dll
_CreatePalette@4                    GDI32.dll
_joyGetDevCapsA@12                  WINMM.dll
_GetModuleHandleA@4                 KERNEL32.dll
_GetSystemMetrics@4                 USER32.dll
_LoadCursorA@8                      USER32.dll
_RegisterClassA@4                   USER32.dll
_GetFileAttributesA@4               KERNEL32.dll
_CreateDirectoryA@8                 KERNEL32.dll
_CreateFileA@28                     KERNEL32.dll
_CloseHandle@4                      KERNEL32.dll
_ReadFile@20                        KERNEL32.dll
_SetFilePointer@16                  KERNEL32.dll
_WriteFile@20                       KERNEL32.dll
_GetFileType@4                      KERNEL32.dll
_GetFileInformationByHandle@8       KERNEL32.dll
_GetFileSize@8                      KERNEL32.dll
_GetFileTime@16                     KERNEL32.dll
_FindFirstFileA@8                   KERNEL32.dll
_FindClose@4                        KERNEL32.dll
_OutputDebugStringA@4               KERNEL32.dll
_MessageBoxA@16                     USER32.dll
_ExitProcess@4                      KERNEL32.dll
_GetEnvironmentStrings@0            KERNEL32.dll
_GetVersion@0                       KERNEL32.dll
_GetModuleFileNameA@12              KERNEL32.dll
_GetCommandLineA@0                  KERNEL32.dll
_GetCommandLineW@0                  KERNEL32.dll
_VirtualAlloc@16                    KERNEL32.dll
_GetCurrentProcessId@0              KERNEL32.dll
_SetStdHandle@8                     KERNEL32.dll
_GetStdHandle@4                     KERNEL32.dll
_CreateEventA@16                    KERNEL32.dll
_FileTimeToLocalFileTime@8          KERNEL32.dll
_FileTimeToDosDateTime@12           KERNEL32.dll
_DosDateTimeToFileTime@12           KERNEL32.dll
_LocalFileTimeToFileTime@8          KERNEL32.dll
_FindNextFileA@8                    KERNEL32.dll
_GetCurrentDirectoryA@8             KERNEL32.dll
_GetFullPathNameA@16                KERNEL32.dll
_SetCurrentDirectoryA@4             KERNEL32.dll
_DeleteFileA@4                      KERNEL32.dll
_DeleteCriticalSection@4            KERNEL32.dll
_GetCurrentThreadId@0               KERNEL32.dll
_InitializeCriticalSection@4        KERNEL32.dll
_EnterCriticalSection@4             KERNEL32.dll
_LeaveCriticalSection@4             KERNEL32.dll
_TlsGetValue@4                      KERNEL32.dll
_SetLastError@4                     KERNEL32.dll
_TlsAlloc@0                         KERNEL32.dll
_TlsSetValue@8                      KERNEL32.dll
_TlsFree@4                          KERNEL32.dll
_GetModuleFileNameW@12              KERNEL32.dll
_MultiByteToWideChar@24             KERNEL32.dll
_VirtualQuery@12                    KERNEL32.dll
_LoadLibraryA@4                     KERNEL32.dll
_GetProcAddress@8                   KERNEL32.dll
_UnhandledExceptionFilter@4         KERNEL32.dll
_SetUnhandledExceptionFilter@4      KERNEL32.dll
_VirtualFree@12                     KERNEL32.dll
_FlushFileBuffers@4                 KERNEL32.dll
_MoveFileA@8                        KERNEL32.dll
_ReadConsoleInputA@16               KERNEL32.dll
_GetConsoleMode@8                   KERNEL32.dll
_SetConsoleMode@8                   KERNEL32.dll
_WriteConsoleA@20                   KERNEL32.dll


                        +--------------------+
                        |   Libraries Used   |
                        +--------------------+

d:\watcom\lib386\clib3r.lib
d:\watcom\lib386\gdi32.lib
d:\watcom\lib386\kernel32.lib
d:\watcom\lib386\user32.lib
d:\watcom\lib386\winmm.lib
E:\lib386\nt\wsock32.lib


                        +-----------------------+
                        |   Linker Statistics   |
                        +-----------------------+

Stack size:  00010000 (65536.)
Memory size:  000c09be (788926.)
Entry point address: 0042c962
Link time: 00:35.37
